################################################################################
#                                                                              #
#      IAR Universal Linker V6.0.0.46                                          #
#                                                                              #
#           Link time     =  28/Oct/2014  22:48:20                             #
#           Target CPU    =  MSP430                                            #
#           List file     =  D:\Documents\GitHub\SmartMeter\Source\emeter-ng\D #
#                            ebug\List\emeter-6733.map                         #
#           Output file 1 =  D:\Documents\GitHub\SmartMeter\Source\emeter-ng\D #
#                            ebug\Exe\emeter-6733.d43                          #
#                            Format: debug                                     #
#                            UBROF version 10.0.6                              #
#           Output file 2 =  D:\Documents\GitHub\SmartMeter\Source\emeter-ng\D #
#                            ebug\Exe\emeter-6733.txt                          #
#                            Format: msp430_txt                                #
#           Command line  =  D:\Documents\GitHub\SmartMeter\Source\emeter-ng\D #
#                            ebug\Obj\emeter-background.r43                    #
#                            D:\Documents\GitHub\SmartMeter\Source\emeter-ng\D #
#                            ebug\Obj\emeter-basic-display.r43                 #
#                            D:\Documents\GitHub\SmartMeter\Source\emeter-ng\D #
#                            ebug\Obj\emeter-communication.r43                 #
#                            D:\Documents\GitHub\SmartMeter\Source\emeter-ng\D #
#                            ebug\Obj\emeter-dlt645.r43                        #
#                            D:\Documents\GitHub\SmartMeter\Source\emeter-ng\D #
#                            ebug\Obj\emeter-fir-table.r43                     #
#                            D:\Documents\GitHub\SmartMeter\Source\emeter-ng\D #
#                            ebug\Obj\emeter-foreground.r43                    #
#                            D:\Documents\GitHub\SmartMeter\Source\emeter-ng\D #
#                            ebug\Obj\emeter-iiceeprom.r43                     #
#                            D:\Documents\GitHub\SmartMeter\Source\emeter-ng\D #
#                            ebug\Obj\emeter-main.r43                          #
#                            D:\Documents\GitHub\SmartMeter\Source\emeter-ng\D #
#                            ebug\Obj\emeter-multirate.r43                     #
#                            D:\Documents\GitHub\SmartMeter\Source\emeter-ng\D #
#                            ebug\Obj\emeter-phase-corrections.r43             #
#                            D:\Documents\GitHub\SmartMeter\Source\emeter-ng\D #
#                            ebug\Obj\emeter-rtc.r43                           #
#                            D:\Documents\GitHub\SmartMeter\Source\emeter-ng\D #
#                            ebug\Obj\emeter-setup.r43                         #
#                            D:\Documents\GitHub\SmartMeter\Source\emeter-tool #
#                            kit\Debug\Exe\emeter-toolkit-6733.r43             #
#                            D:\Documents\GitHub\SmartMeter\Source\emeter-ng\D #
#                            ebug\Obj\hal_pmm.r43                              #
#                            D:\Documents\GitHub\SmartMeter\Source\emeter-ng\D #
#                            ebug\Obj\hal_UCS.r43                              #
#                            -o                                                #
#                            D:\Documents\GitHub\SmartMeter\Source\emeter-ng\D #
#                            ebug\Exe\emeter-6733.d43                          #
#                            -l                                                #
#                            D:\Documents\GitHub\SmartMeter\Source\emeter-ng\D #
#                            ebug\List\emeter-6733.map                         #
#                            -xms                                              #
#                            "-IC:\Program Files (x86)\IAR Systems\Embedded Wo #
#                            rkbench 7.0\430\LIB\"                             #
#                            -f                                                #
#                            "C:\Program Files (x86)\IAR Systems\Embedded Work #
#                            bench 7.0\430\config\linker\lnk430F6736.xcl"      #
#                            (-cmsp430 -QCODE_I=CODE_ID -QTLS16_I=TLS16_ID     #
#                            -Z(CONST)INFO=1800-19FF                           #
#                            -Z(CONST)INFOA=1980-19FF                          #
#                            -Z(CONST)INFOB=1900-197F                          #
#                            -Z(CONST)INFOC=1880-18FF                          #
#                            -Z(CONST)INFOD=1800-187F                          #
#                            -Z(DATA)DATA16_I,DATA16_Z,DATA16_N,TLS16_I=1C00-3 #
#                            BFF                                               #
#                            -Z(DATA)DATA16_HEAP+_DATA16_HEAP_SIZE             #
#                            -Z(DATA)CODE_I                                    #
#                            -Z(DATA)DATA20_I,DATA20_Z,DATA20_N,DATA20_HEAP+_D #
#                            ATA20_HEAP_SIZE                                   #
#                            -Z(DATA)CSTACK+_STACK_SIZE#                       #
#                            -Z(CONST)DATA16_C,DATA16_ID,TLS16_ID,DIFUNCT,CHEC #
#                            KSUM=4000-FF7F                                    #
#                            -Z(CODE)CSTART,ISR_CODE,CODE16=4000-FF7F          #
#                            -P(CODE)CODE=4000-FF7F,10000-23FFF                #
#                            -Z(CODE)CODE_ID                                   #
#                            -Z(CONST)DATA20_C,DATA20_ID=4000-FF7F,10000-23FFF #
#                            -Z(CODE)INTVEC=FF80-FFFF                          #
#                            -Z(CODE)RESET=FFFE-FFFF) -f                       #
#                            "C:\Program Files (x86)\IAR Systems\Embedded Work #
#                            bench 7.0\430\config\linker\multiplier32_loc2.xcl #
#                            "                                                 #
#                            (-e?Mul8HwLoc2=?Mul8 -e?Mul16HwLoc2=?Mul16        #
#                            -e?Mul16to32uHwLoc2=?Mul16to32u                   #
#                            -e?Mul16to32sHwLoc2=?Mul16to32s                   #
#                            -e?Mul32Hw32Loc2=?Mul32                           #
#                            -e?Mul64Hw32Loc2=_Mul64i                          #
#                            -e?Mul32u32uto64iHw32Loc2=_Mul32u32uto64i         #
#                            -e?Mul32fHwLoc2=_Mul32f                           #
#                            -e_Mul64fHwPtrLoc2=_Mul64fPtr)                    #
#                            -D_STACK_SIZE=12C -Fubrof                         #
#                            "C:\Program Files (x86)\IAR Systems\Embedded Work #
#                            bench 7.0\430\lib\dlib\dl430xlsfn.r43"            #
#                            -e_PrintfLarge=_Printf -e_ScanfLarge=_Scanf       #
#                            -D_DATA16_HEAP_SIZE=50                            #
#                            -Omsp430_txt=D:\Documents\GitHub\SmartMeter\Sourc #
#                            e\emeter-ng\Debug\Exe\emeter-6733.txt             #
#                            -s __program_start -D_DATA20_HEAP_SIZE=50         #
#                                                                              #
#                           Copyright (C) 1987-2014 IAR Systems AB.            #
################################################################################





                ****************************************
                *                                      *
                *           CROSS REFERENCE            *
                *                                      *
                ****************************************

       Program entry at :           426C  Relocatable, from module : ?cstart




                ****************************************
                *                                      *
                *            RUNTIME MODEL             *
                *                                      *
                ****************************************

  __Heap_Handler             = Basic
  __SystemLibrary            = DLib
  __code_model               = large
  __core                     = 430X
  __data_model               = small
  __dlib_file_descriptor     = 0
  __dlib_full_locale_support = 0
  __double_size              = 32
  __pic                      = no
  __reg_r4                   = free
  __reg_r5                   = free
  __rt_version               = 3

                ****************************************
                *                                      *
                *    AUTOMATIC SYMBOL REDIRECTIONS     *
                *                                      *
                ****************************************

                  There are no automatic symbol redirections.



                ****************************************
                *                                      *
                *              MODULE MAP              *
                *                                      *
                ****************************************


  DEFINED ABSOLUTE ENTRIES
    *************************************************************************

  DEFINED ABSOLUTE ENTRIES
  PROGRAM MODULE, NAME : ?ABS_ENTRY_MOD

Absolute parts
           ENTRY                   ADDRESS         REF BY
           =====                   =======         ======
           _DATA20_HEAP_SIZE       0050 
           _DATA16_HEAP_SIZE       0050 
           _STACK_SIZE             012C 
    *************************************************************************

  FILE NAME : D:\Documents\GitHub\SmartMeter\Source\emeter-ng\Debug\Obj\emeter-background.r43
  PROGRAM MODULE, NAME : emeter-background

  SEGMENTS IN THE MODULE
  ======================
DATA16_AN
  Relative segment, address: 074A - 074B (0x2 bytes), align: 0
  Segment part 1. ROOT        Intra module refs:   adc10_interrupt
                                                   one_second_ticker (emeter-rtc)
           ENTRY                   ADDRESS         REF BY
           =====                   =======         ======
           _A_ADC10MCTL0_L         074A 
           LOCAL                   ADDRESS         
           =====                   =======         
           ADC10MCTL0              074A 
           ADC10MCTL0_H            074B 
           ADC10MCTL0_L            074A 
    -------------------------------------------------------------------------
DATA16_AN
  Relative segment, address: 0752 - 0753 (0x2 bytes), align: 0
  Segment part 2. ROOT        Intra module refs:   adc10_interrupt
           ENTRY                   ADDRESS         REF BY
           =====                   =======         ======
           _A_ADC10MEM0_L          0752 
           LOCAL                   ADDRESS         
           =====                   =======         
           ADC10MEM0               0752 
           ADC10MEM0_H             0753 
           ADC10MEM0_L             0752 
    -------------------------------------------------------------------------
DATA16_AN
  Relative segment, address: 075C - 075D (0x2 bytes), align: 0
  Segment part 3. ROOT        Intra module refs:   adc10_interrupt
           ENTRY                   ADDRESS         REF BY
           =====                   =======         ======
           _A_ADC10IFG_L           075C 
           LOCAL                   ADDRESS         
           =====                   =======         
           ADC10IFG                075C 
           ADC10IFG_H              075D 
           ADC10IFG_L              075C 
    -------------------------------------------------------------------------
DATA16_AN
  Relative segment, address: 04C2 - 04C3 (0x2 bytes), align: 0
  Segment part 4. ROOT        Intra module refs:   adc_interrupt
                                                   reactive_power (emeter-foreground)
           ENTRY                   ADDRESS         REF BY
           =====                   =======         ======
           _A_MPYS_L               04C2 
           LOCAL                   ADDRESS         
           =====                   =======         
           MPYS                    04C2 
           MPYS_H                  04C3 
           MPYS_L                  04C2 
    -------------------------------------------------------------------------
DATA16_AN
  Relative segment, address: 04C8 - 04C9 (0x2 bytes), align: 0
  Segment part 5. ROOT        Intra module refs:   active_power (emeter-foreground)
                                                   adc_interrupt
                                                   current (emeter-foreground)
                                                   reactive_power (emeter-foreground)
           ENTRY                   ADDRESS         REF BY
           =====                   =======         ======
           _A_OP2_L                04C8 
           LOCAL                   ADDRESS         
           =====                   =======         
           OP2                     04C8 
           OP2_H                   04C9 
           OP2_L                   04C8 
    -------------------------------------------------------------------------
DATA16_AN
  Relative segment, address: 0202 - 0203 (0x2 bytes), align: 0
  Segment part 6. ROOT        Intra module refs:   adc_interrupt
                                                   system_setup (emeter-setup)
           ENTRY                   ADDRESS         REF BY
           =====                   =======         ======
           _A_PAOUT_L              0202 
           LOCAL                   ADDRESS         
           =====                   =======         
           PAOUT                   0202 
           PAOUT_H                 0203 
           PAOUT_L                 0202 
    -------------------------------------------------------------------------
DATA16_AN
  Relative segment, address: 0262 - 0263 (0x2 bytes), align: 0
  Segment part 7. ROOT        Intra module refs:   adc_interrupt
                                                   system_setup (emeter-setup)
           ENTRY                   ADDRESS         REF BY
           =====                   =======         ======
           _A_PDOUT_L              0262 
           LOCAL                   ADDRESS         
           =====                   =======         
           PDOUT                   0262 
           PDOUT_H                 0263 
           PDOUT_L                 0262 
    -------------------------------------------------------------------------
DATA16_AN
  Relative segment, address: 080A - 080B (0x2 bytes), align: 0
  Segment part 8. ROOT        Intra module refs:   adc_interrupt
           ENTRY                   ADDRESS         REF BY
           =====                   =======         ======
           _A_SD24BIFG_L           080A 
           LOCAL                   ADDRESS         
           =====                   =======         
           SD24BIFG                080A 
           SD24BIFG_H              080B 
           SD24BIFG_L              080A 
    -------------------------------------------------------------------------
DATA16_AN
  Relative segment, address: 0810 - 0811 (0x2 bytes), align: 0
  Segment part 9. ROOT        Intra module refs:   align_hardware_with_calibration_data (emeter-setup)
                                                   init_analog_front_end_normal (emeter-setup)
                                                   limp_trigger_interrupt
                                                   system_setup (emeter-setup)
           ENTRY                   ADDRESS         REF BY
           =====                   =======         ======
           _A_SD24BCCTL0_L         0810 
           LOCAL                   ADDRESS         
           =====                   =======         
           SD24BCCTL0              0810 
           SD24BCCTL0_H            0811 
           SD24BCCTL0_L            0810 
    -------------------------------------------------------------------------
DATA16_AN
  Relative segment, address: 0816 - 0817 (0x2 bytes), align: 0
  Segment part 10. ROOT       Intra module refs:   align_hardware_with_calibration_data (emeter-setup)
                                                   init_analog_front_end_normal (emeter-setup)
                                                   limp_trigger_interrupt
                                                   system_setup (emeter-setup)
           ENTRY                   ADDRESS         REF BY
           =====                   =======         ======
           _A_SD24BPRE0_L          0816 
           LOCAL                   ADDRESS         
           =====                   =======         
           SD24BPRE0               0816 
           SD24BPRE0_H             0817 
           SD24BPRE0_L             0816 
    -------------------------------------------------------------------------
DATA16_AN
  Relative segment, address: 0826 - 0827 (0x2 bytes), align: 0
  Segment part 11. ROOT       Intra module refs:   align_hardware_with_calibration_data (emeter-setup)
                                                   init_analog_front_end_normal (emeter-setup)
                                                   limp_trigger_interrupt
                                                   set_sd16_phase_correction::sd16_locations (emeter-foreground)
                                                   system_setup (emeter-setup)
           ENTRY                   ADDRESS         REF BY
           =====                   =======         ======
           _A_SD24BPRE2_L          0826 
           LOCAL                   ADDRESS         
           =====                   =======         
           SD24BPRE2               0826 
           SD24BPRE2_H             0827 
           SD24BPRE2_L             0826 
    -------------------------------------------------------------------------
DATA16_AN
  Relative segment, address: 0852 - 0853 (0x2 bytes), align: 0
  Segment part 12. ROOT       Intra module refs:   adc_interrupt
           ENTRY                   ADDRESS         REF BY
           =====                   =======         ======
           _A_SD24BMEMH0_L         0852 
           LOCAL                   ADDRESS         
           =====                   =======         
           SD24BMEMH0              0852 
           SD24BMEMH0_H            0853 
           SD24BMEMH0_L            0852 
    -------------------------------------------------------------------------
DATA16_AN
  Relative segment, address: 015C - 015D (0x2 bytes), align: 0
  Segment part 13. ROOT       Intra module refs:   adc_interrupt
                                                   main (emeter-main)
                                                   one_second_ticker (emeter-rtc)
                                                   system_setup (emeter-setup)
           ENTRY                   ADDRESS         REF BY
           =====                   =======         ======
           _A_WDTCTL_L             015C 
           LOCAL                   ADDRESS         
           =====                   =======         
           WDTCTL                  015C 
           WDTCTL_H                015D 
           WDTCTL_L                015C 
    -------------------------------------------------------------------------
DATA16_AN
  Relative segment, address: 04D4 - 04D7 (0x4 bytes), align: 0
  Segment part 14. ROOT       Intra module refs:   active_power (emeter-foreground)
                                                   adc_interrupt
                                                   reactive_power (emeter-foreground)
           ENTRY                   ADDRESS         REF BY
           =====                   =======         ======
           _A_MPYS8                04D4 
           LOCAL                   ADDRESS         
           =====                   =======         
           MPYS16                  04D4 
           MPYS32                  04D4 
           MPYS8                   04D4 
    -------------------------------------------------------------------------
DATA16_AN
  Relative segment, address: 04E0 - 04E3 (0x4 bytes), align: 0
  Segment part 15. ROOT       Intra module refs:   adc_interrupt
           ENTRY                   ADDRESS         REF BY
           =====                   =======         ======
           _A_OP2_8                04E0 
           LOCAL                   ADDRESS         
           =====                   =======         
           OP2_16                  04E0 
           OP2_32X                 04E0 
           OP2_8                   04E0 
    -------------------------------------------------------------------------
DATA16_AN
  Relative segment, address: 04E4 - 04EB (0x8 bytes), align: 0
  Segment part 16. ROOT       Intra module refs:   active_power (emeter-foreground)
                                                   adc_interrupt
                                                   current (emeter-foreground)
                                                   reactive_power (emeter-foreground)
           ENTRY                   ADDRESS         REF BY
           =====                   =======         ======
           _A_RES8                 04E4 
           LOCAL                   ADDRESS         
           =====                   =======         
           RES16                   04E4 
           RES32                   04E4 
           RES64                   04E4 
           RES8                    04E4 
    -------------------------------------------------------------------------
DATA16_AN
  Relative segment, address: 0858 - 085B (0x4 bytes), align: 0
  Segment part 17. ROOT       Intra module refs:   adc_interrupt
           ENTRY                   ADDRESS         REF BY
           =====                   =======         ======
           _A_SD24BMEM2_8          0858 
           LOCAL                   ADDRESS         
           =====                   =======         
           SD24BMEM2_16            0858 
           SD24BMEM2_32            0858 
           SD24BMEM2_8             0858 
    -------------------------------------------------------------------------
DATA16_Z
  Relative segment, address: 1C14 - 1C15 (0x2 bytes), align: 1
  Segment part 22.            Intra module refs:   adc_interrupt
           ENTRY                   ADDRESS         REF BY
           =====                   =======         ======
           samples_per_second      1C14            ?Subroutine0 (emeter-setup)
                                                   system_setup (emeter-setup)
    -------------------------------------------------------------------------
DATA16_Z
  Relative segment, address: 1C16 - 1C17 (0x2 bytes), align: 1
  Segment part 23.            Intra module refs:   adc_interrupt
           ENTRY                   ADDRESS         REF BY
           =====                   =======         ======
           adc_interrupts          1C16 
    -------------------------------------------------------------------------
DATA16_Z
  Relative segment, address: 1C18 - 1C1B (0x4 bytes), align: 1
  Segment part 27.            Intra module refs:   adc_interrupt
           LOCAL                   ADDRESS         
           =====                   =======         
           sample_count            1C18 
    -------------------------------------------------------------------------
<CODE> 1 (was CODE)
  Relative segment, address: 6A7A - 6B53 (0xda bytes), align: 1
  Segment part 34.            Intra module refs:   adc_interrupt
           LOCAL                   ADDRESS         
           =====                   =======         
           log_parameters          6A7A 
               CSTACK = 00000000 ( 00000004 )
    -------------------------------------------------------------------------
ISR_CODE
  Relative segment, address: 4294 - 473B (0x4a8 bytes), align: 1
  Segment part 33.            Intra module refs:   adc_interrupt::??INTVEC 112
           ENTRY                   ADDRESS         REF BY
           =====                   =======         ======
           adc_interrupt           4294 
               interrupt function
               calls direct
               CSTACK = 00000000 ( 00000018 )
    -------------------------------------------------------------------------
DATA16_Z
  Relative segment, address: 1C1C - 1C1D (0x2 bytes), align: 1
  Segment part 29.            Intra module refs:   adc_interrupt
           LOCAL                   ADDRESS         
           =====                   =======         
           adc_interrupt::adc_v_buffer
                                   1C1C 
    -------------------------------------------------------------------------
DATA16_Z
  Relative segment, address: 1C1E - 1C25 (0x8 bytes), align: 1
  Segment part 30.            Intra module refs:   adc_interrupt
           LOCAL                   ADDRESS         
           =====                   =======         
           adc_interrupt::adc_i_buffer
                                   1C1E 
    -------------------------------------------------------------------------
ISR_CODE
  Relative segment, address: 473C - 474B (0x10 bytes), align: 1
  Segment part 32.            Intra module refs:   limp_trigger_interrupt::??INTVEC 110
           ENTRY                   ADDRESS         REF BY
           =====                   =======         ======
           limp_trigger_interrupt
                                   473C 
               interrupt function
               CSTACK = 00000000 ( 00000004 )
    -------------------------------------------------------------------------
ISR_CODE
  Relative segment, address: 474C - 478F (0x44 bytes), align: 1
  Segment part 31.            Intra module refs:   adc10_interrupt::??INTVEC 114
           ENTRY                   ADDRESS         REF BY
           =====                   =======         ======
           adc10_interrupt         474C 
               interrupt function
               CSTACK = 00000000 ( 00000008 )
    -------------------------------------------------------------------------
INTVEC
  Common segment, address: FF80 - FFEF (0x70 bytes), align: 1
  Segment part 18. ROOT 
           ENTRY                   ADDRESS         REF BY
           =====                   =======         ======
           limp_trigger_interrupt::??INTVEC 110
                                   FFEE 
    -------------------------------------------------------------------------
INTVEC
  Common segment, address: FF80 - FFF1 (0x72 bytes), align: 1
  Segment part 19. ROOT 
           ENTRY                   ADDRESS         REF BY
           =====                   =======         ======
           adc_interrupt::??INTVEC 112
                                   FFF0 
    -------------------------------------------------------------------------
INTVEC
  Common segment, address: FF80 - FFF3 (0x74 bytes), align: 1
  Segment part 20. ROOT 
           ENTRY                   ADDRESS         REF BY
           =====                   =======         ======
           adc10_interrupt::??INTVEC 114
                                   FFF2 

    *************************************************************************

  FILE NAME : D:\Documents\GitHub\SmartMeter\Source\emeter-ng\Debug\Obj\emeter-basic-display.r43
  PROGRAM MODULE, NAME : emeter-basic-display

  SEGMENTS IN THE MODULE
  ======================
DATA16_C
  Relative segment, address: 4202 - 4211 (0x10 bytes), align: 0
  Segment part 2.
           ENTRY                   ADDRESS         REF BY
           =====                   =======         ======
           lcd_digit_table         4202            LCDdec16 (LCDdec16)
                                                   LCDdec32 (LCDdec32)
                                                   LCDdecu16 (LCDdecu16)
                                                   LCDdecu32 (LCDdecu32)
    -------------------------------------------------------------------------
DATA16_C
  Relative segment, address: 4212 - 4212 (0x1 bytes), align: 0
  Segment part 3.
           ENTRY                   ADDRESS         REF BY
           =====                   =======         ======
           char_minus              4212            LCDdec16 (LCDdec16)
                                                   LCDdec32 (LCDdec32)
    -------------------------------------------------------------------------
DATA16_C
  Relative segment, address: 4213 - 4218 (0x6 bytes), align: 0
  Segment part 7.             Intra module refs:   display_item
           LOCAL                   ADDRESS         
           =====                   =======         
           lcd_high                4213 
    -------------------------------------------------------------------------
<CODE> 1 (was CODE)
  Relative segment, address: 62FE - 6417 (0x11a bytes), align: 1
  Segment part 24.            Intra module refs:   ?Subroutine0
           ENTRY                   ADDRESS         REF BY
           =====                   =======         ======
           display_clear_periphery
                                   62FE 
               calls direct
               CSTACK = 00000000 ( 0000000C )
    -------------------------------------------------------------------------
<CODE> 1 (was CODE)
  Relative segment, address: 6042 - 610F (0xce bytes), align: 1
  Segment part 21.            Intra module refs:   update_display
           ENTRY                   ADDRESS         REF BY
           =====                   =======         ======
           display_clear_line_2    6042 
               calls direct
               CSTACK = 00000000 ( 00000006 )
    -------------------------------------------------------------------------
<CODE> 1 (was CODE)
  Relative segment, address: 6110 - 611B (0xc bytes), align: 1
  Segment part 22.            Intra module refs:   display_clear_line_1
                                                   display_clear_line_2
           LOCAL                   ADDRESS         
           =====                   =======         
           ?Subroutine0            6110 
    -------------------------------------------------------------------------
<CODE> 1 (was CODE)
  Relative segment, address: 611C - 61DD (0xc2 bytes), align: 1
  Segment part 23.            Intra module refs:   update_display
           ENTRY                   ADDRESS         REF BY
           =====                   =======         ======
           display_clear_line_1    611C 
               calls direct
               CSTACK = 00000000 ( 00000006 )
    -------------------------------------------------------------------------
<CODE> 1 (was CODE)
  Relative segment, address: 5A38 - 5DC1 (0x38a bytes), align: 1
  Segment part 20.            Intra module refs:   update_display
           ENTRY                   ADDRESS         REF BY
           =====                   =======         ======
           display_item            5A38 
               calls direct
               CSTACK = 00000000 ( 00000014 )
    -------------------------------------------------------------------------
DATA16_Z
  Relative segment, address: 1C26 - 1C27 (0x2 bytes), align: 1
  Segment part 12.            Intra module refs:   update_display
           ENTRY                   ADDRESS         REF BY
           =====                   =======         ======
           display_step            1C26 
    -------------------------------------------------------------------------
DATA16_Z
  Relative segment, address: 1C28 - 1C29 (0x2 bytes), align: 1
  Segment part 13.            Intra module refs:   update_display
           ENTRY                   ADDRESS         REF BY
           =====                   =======         ======
           display_select          1C28 
    -------------------------------------------------------------------------
<CODE> 1 (was CODE)
  Relative segment, address: 770A - 774F (0x46 bytes), align: 1
  Segment part 19.
           ENTRY                   ADDRESS         REF BY
           =====                   =======         ======
           update_display          770A            main (emeter-main)
               calls direct
               CSTACK = 00000000 ( 00000004 )
    -------------------------------------------------------------------------
DATA16_C
  Relative segment, address: 4219 - 4240 (0x28 bytes), align: 0
  Segment part 14.            Intra module refs:   update_display
           LOCAL                   ADDRESS         
           =====                   =======         
           update_display::display_steps
                                   4219 

    *************************************************************************

  FILE NAME : D:\Documents\GitHub\SmartMeter\Source\emeter-ng\Debug\Obj\emeter-communication.r43
  PROGRAM MODULE, NAME : emeter-communication

  SEGMENTS IN THE MODULE
  ======================
DATA16_AN
  Relative segment, address: 05EC - 05ED (0x2 bytes), align: 0
  Segment part 1. ROOT        Intra module refs:   serial_interrupt1
           ENTRY                   ADDRESS         REF BY
           =====                   =======         ======
           _A_UCA1RXBUF_L          05EC 
           LOCAL                   ADDRESS         
           =====                   =======         
           UCA1RXBUF               05EC 
           UCA1RXBUF_H             05ED 
           UCA1RXBUF_L             05EC 
    -------------------------------------------------------------------------
DATA16_AN
  Relative segment, address: 05EE - 05EF (0x2 bytes), align: 0
  Segment part 2. ROOT        Intra module refs:   serial_interrupt1
           ENTRY                   ADDRESS         REF BY
           =====                   =======         ======
           _A_UCA1TXBUF_L          05EE 
           LOCAL                   ADDRESS         
           =====                   =======         
           UCA1TXBUF               05EE 
           UCA1TXBUF_H             05EF 
           UCA1TXBUF_L             05EE 
    -------------------------------------------------------------------------
DATA16_AN
  Relative segment, address: 05FA - 05FB (0x2 bytes), align: 0
  Segment part 3. ROOT        Intra module refs:   send_message
                                                   serial_interrupt1
                                                   system_setup (emeter-setup)
           ENTRY                   ADDRESS         REF BY
           =====                   =======         ======
           _A_UCA1IE_L             05FA 
           LOCAL                   ADDRESS         
           =====                   =======         
           UCA1IE                  05FA 
           UCA1IE_H                05FB 
           UCA1IE_L                05FA 
    -------------------------------------------------------------------------
DATA16_AN
  Relative segment, address: 05FE - 05FF (0x2 bytes), align: 0
  Segment part 4. ROOT        Intra module refs:   serial_interrupt1
           ENTRY                   ADDRESS         REF BY
           =====                   =======         ======
           UCA1IV                  05FE 
    -------------------------------------------------------------------------
DATA16_Z
  Relative segment, address: 1C2A - 1CD5 (0xac bytes), align: 1
  Segment part 7.             Intra module refs:   send_message
                                                   serial_interrupt1
           ENTRY                   ADDRESS         REF BY
           =====                   =======         ======
           tx_msg                  1C2A            dlt645_process_rx_message (emeter-dlt645)
                                                   prepare_tx_message (emeter-dlt645)
    -------------------------------------------------------------------------
DATA16_Z
  Relative segment, address: 1CD6 - 1D81 (0xac bytes), align: 1
  Segment part 8.
           ENTRY                   ADDRESS         REF BY
           =====                   =======         ======
           rx_msg                  1CD6            dlt645_rx_byte (emeter-dlt645)
    -------------------------------------------------------------------------
<CODE> 1 (was CODE)
  Relative segment, address: 7DA2 - 7DA5 (0x4 bytes), align: 1
  Segment part 10.
           ENTRY                   ADDRESS         REF BY
           =====                   =======         ======
           is_calibration_enabled
                                   7DA2            dlt645_process_rx_message (emeter-dlt645)
               CSTACK = 00000000 ( 00000004 )
    -------------------------------------------------------------------------
ISR_CODE
  Relative segment, address: 4790 - 47D5 (0x46 bytes), align: 1
  Segment part 11.            Intra module refs:   serial_interrupt1::??INTVEC 106
           ENTRY                   ADDRESS         REF BY
           =====                   =======         ======
           serial_interrupt1       4790 
               interrupt function
               calls direct
               CSTACK = 00000000 ( 0000000C )
    -------------------------------------------------------------------------
<CODE> 1 (was CODE)
  Relative segment, address: 7AA6 - 7AC9 (0x24 bytes), align: 1
  Segment part 9.
           ENTRY                   ADDRESS         REF BY
           =====                   =======         ======
           send_message            7AA6            dlt645_process_rx_message (emeter-dlt645)
                                                   main (emeter-main)
                                                   prepare_tx_message (emeter-dlt645)
               CSTACK = 00000000 ( 00000004 )
    -------------------------------------------------------------------------
INTVEC
  Common segment, address: FF80 - FFEB (0x6c bytes), align: 1
  Segment part 5. ROOT 
           ENTRY                   ADDRESS         REF BY
           =====                   =======         ======
           serial_interrupt1::??INTVEC 106
                                   FFEA 

    *************************************************************************

  FILE NAME : D:\Documents\GitHub\SmartMeter\Source\emeter-ng\Debug\Obj\emeter-dlt645.r43
  PROGRAM MODULE, NAME : emeter-dlt645

  SEGMENTS IN THE MODULE
  ======================
DATA16_AN
  Relative segment, address: 04A0 - 04A1 (0x2 bytes), align: 0
  Segment part 1. ROOT        Intra module refs:   dlt645_process_rx_message
                                                   system_setup (emeter-setup)
           ENTRY                   ADDRESS         REF BY
           =====                   =======         ======
           _A_RTCCTL0_L            04A0 
           LOCAL                   ADDRESS         
           =====                   =======         
           RTCCTL0                 04A0 
           RTCCTL0_H               04A1 
           RTCCTL0_L               04A0 
    -------------------------------------------------------------------------
DATA16_AN
  Relative segment, address: 04B0 - 04B1 (0x2 bytes), align: 0
  Segment part 2. ROOT        Intra module refs:   dlt645_process_rx_message
                                                   system_setup (emeter-setup)
           ENTRY                   ADDRESS         REF BY
           =====                   =======         ======
           _A_RTCTIM0_L            04B0 
           LOCAL                   ADDRESS         
           =====                   =======         
           RTCTIM0                 04B0 
           RTCTIM0_H               04B1 
           RTCTIM0_L               04B0 
    -------------------------------------------------------------------------
DATA16_AN
  Relative segment, address: 04B2 - 04B3 (0x2 bytes), align: 0
  Segment part 3. ROOT        Intra module refs:   dlt645_process_rx_message
                                                   system_setup (emeter-setup)
           ENTRY                   ADDRESS         REF BY
           =====                   =======         ======
           _A_RTCTIM1_L            04B2 
           LOCAL                   ADDRESS         
           =====                   =======         
           RTCTIM1                 04B2 
           RTCTIM1_H               04B3 
           RTCTIM1_L               04B2 
    -------------------------------------------------------------------------
DATA16_AN
  Relative segment, address: 04B4 - 04B5 (0x2 bytes), align: 0
  Segment part 4. ROOT        Intra module refs:   dlt645_process_rx_message
                                                   system_setup (emeter-setup)
           ENTRY                   ADDRESS         REF BY
           =====                   =======         ======
           _A_RTCDATE_L            04B4 
           LOCAL                   ADDRESS         
           =====                   =======         
           RTCDATE                 04B4 
           RTCDATE_H               04B5 
           RTCDATE_L               04B4 
    -------------------------------------------------------------------------
DATA16_AN
  Relative segment, address: 04B6 - 04B7 (0x2 bytes), align: 0
  Segment part 5. ROOT        Intra module refs:   dlt645_process_rx_message
                                                   system_setup (emeter-setup)
           ENTRY                   ADDRESS         REF BY
           =====                   =======         ======
           _A_RTCYEAR_L            04B6 
           LOCAL                   ADDRESS         
           =====                   =======         
           RTCYEAR                 04B6 
           RTCYEAR_H               04B7 
           RTCYEAR_L               04B6 
    -------------------------------------------------------------------------
DATA16_AN
  Relative segment, address: 04BC - 04BD (0x2 bytes), align: 0
  Segment part 6. ROOT        Intra module refs:   dlt645_process_rx_message
           ENTRY                   ADDRESS         REF BY
           =====                   =======         ======
           BIN2BCD                 04BC 
    -------------------------------------------------------------------------
DATA16_AN
  Relative segment, address: 04BE - 04BF (0x2 bytes), align: 0
  Segment part 7. ROOT        Intra module refs:   dlt645_process_rx_message
           ENTRY                   ADDRESS         REF BY
           =====                   =======         ======
           BCD2BIN                 04BE 
    -------------------------------------------------------------------------
DATA16_Z
  Relative segment, address: 1D82 - 1D83 (0x2 bytes), align: 1
  Segment part 9.             Intra module refs:   dlt645_process_rx_message
           ENTRY                   ADDRESS         REF BY
           =====                   =======         ======
           next_flash_loc          1D82 
    -------------------------------------------------------------------------
<CODE> 1 (was CODE)
  Relative segment, address: 6B54 - 6C15 (0xc2 bytes), align: 1
  Segment part 12.            Intra module refs:   dlt645_process_rx_message
           ENTRY                   ADDRESS         REF BY
           =====                   =======         ======
           prepare_tx_message      6B54 
               calls direct
               CSTACK = 00000000 ( 00000008 )
    -------------------------------------------------------------------------
<CODE> 1 (was CODE)
  Relative segment, address: 4846 - 5383 (0xb3e bytes), align: 1
  Segment part 11.            Intra module refs:   dlt645_rx_byte
           LOCAL                   ADDRESS         
           =====                   =======         
           dlt645_process_rx_message
                                   4846 
               calls direct
               CSTACK = 00000000 ( 00000014 )
    -------------------------------------------------------------------------
<CODE> 1 (was CODE)
  Relative segment, address: 6524 - 661B (0xf8 bytes), align: 1
  Segment part 10.
           ENTRY                   ADDRESS         REF BY
           =====                   =======         ======
           dlt645_rx_byte          6524            serial_interrupt1 (emeter-communication)
               calls direct
               CSTACK = 00000000 ( 0000000C )

    *************************************************************************

  FILE NAME : D:\Documents\GitHub\SmartMeter\Source\emeter-ng\Debug\Obj\emeter-fir-table.r43
  PROGRAM MODULE, NAME : emeter-fir-table

  SEGMENTS IN THE MODULE
  ======================
DATA16_C
  Relative segment, address: 4000 - 41FF (0x200 bytes), align: 1
  Segment part 2.
           ENTRY                   ADDRESS         REF BY
           =====                   =======         ======
           fir_coeffs              4000            frequency (emeter-foreground)

    *************************************************************************

  FILE NAME : D:\Documents\GitHub\SmartMeter\Source\emeter-ng\Debug\Obj\emeter-foreground.r43
  PROGRAM MODULE, NAME : emeter-foreground

  SEGMENTS IN THE MODULE
  ======================
DATA16_AN
  Relative segment, address: 04D0 - 04D3 (0x4 bytes), align: 0
  Segment part 4. ROOT        Intra module refs:   current
           ENTRY                   ADDRESS         REF BY
           =====                   =======         ======
           _A_MPY8                 04D0 
           LOCAL                   ADDRESS         
           =====                   =======         
           MPY16                   04D0 
           MPY32                   04D0 
           MPY8                    04D0 
    -------------------------------------------------------------------------
<CODE> 1 (was CODE)
  Relative segment, address: 7996 - 79C1 (0x2c bytes), align: 1
  Segment part 18.
           ENTRY                   ADDRESS         REF BY
           =====                   =======         ======
           set_sd16_phase_correction
                                   7996            align_hardware_with_calibration_data (emeter-setup)
                                                   main (emeter-main)
               CSTACK = 00000000 ( 00000004 )
    -------------------------------------------------------------------------
DATA16_C
  Relative segment, address: 4200 - 4201 (0x2 bytes), align: 1
  Segment part 10.            Intra module refs:   set_sd16_phase_correction
           LOCAL                   ADDRESS         
           =====                   =======         
           set_sd16_phase_correction::sd16_locations
                                   4200 
    -------------------------------------------------------------------------
<CODE> 1 (was CODE)
  Relative segment, address: 7678 - 76C1 (0x4a bytes), align: 1
  Segment part 17.
           ENTRY                   ADDRESS         REF BY
           =====                   =======         ======
           frequency               7678            main (emeter-main)
               CSTACK = 00000000 ( 00000004 )
    -------------------------------------------------------------------------
<CODE> 1 (was CODE)
  Relative segment, address: 7428 - 749D (0x76 bytes), align: 1
  Segment part 16.
           ENTRY                   ADDRESS         REF BY
           =====                   =======         ======
           voltage                 7428            main (emeter-main)
               calls direct
               CSTACK = 00000000 ( 00000006 )
    -------------------------------------------------------------------------
<CODE> 1 (was CODE)
  Relative segment, address: 67E6 - 68C3 (0xde bytes), align: 1
  Segment part 15.
           ENTRY                   ADDRESS         REF BY
           =====                   =======         ======
           current                 67E6            main (emeter-main)
               calls direct
               CSTACK = 00000000 ( 0000000C )
    -------------------------------------------------------------------------
<CODE> 1 (was CODE)
  Relative segment, address: 61DE - 62FD (0x120 bytes), align: 1
  Segment part 14.
           ENTRY                   ADDRESS         REF BY
           =====                   =======         ======
           active_power            61DE            main (emeter-main)
               calls direct
               CSTACK = 00000000 ( 00000010 )
    -------------------------------------------------------------------------
<CODE> 1 (was CODE)
  Relative segment, address: 68C4 - 699F (0xdc bytes), align: 1
  Segment part 13.
           ENTRY                   ADDRESS         REF BY
           =====                   =======         ======
           reactive_power          68C4            main (emeter-main)
               calls direct
               CSTACK = 00000000 ( 0000000C )
    -------------------------------------------------------------------------
<CODE> 1 (was CODE)
  Relative segment, address: 6F76 - 7017 (0xa2 bytes), align: 1
  Segment part 12.
           ENTRY                   ADDRESS         REF BY
           =====                   =======         ======
           apparent_power          6F76            main (emeter-main)
               calls direct
               CSTACK = 00000000 ( 0000000C )
    -------------------------------------------------------------------------
<CODE> 1 (was CODE)
  Relative segment, address: 6CD6 - 6D83 (0xae bytes), align: 1
  Segment part 11.
           ENTRY                   ADDRESS         REF BY
           =====                   =======         ======
           power_factor            6CD6            main (emeter-main)
               CSTACK = 00000000 ( 00000006 )

    *************************************************************************

  FILE NAME : D:\Documents\GitHub\SmartMeter\Source\emeter-ng\Debug\Obj\emeter-iiceeprom.r43
    *************************************************************************

  FILE NAME : D:\Documents\GitHub\SmartMeter\Source\emeter-ng\Debug\Obj\emeter-main.r43
  PROGRAM MODULE, NAME : emeter-main

  SEGMENTS IN THE MODULE
  ======================
DATA16_AN
  Relative segment, address: 0A20 - 0A20 (0x1 bytes), align: 0
  Segment part 1. ROOT        Intra module refs:   main
           ENTRY                   ADDRESS         REF BY
           =====                   =======         ======
           LCDM1                   0A20 
    -------------------------------------------------------------------------
DATA16_AN
  Relative segment, address: 0A21 - 0A21 (0x1 bytes), align: 0
  Segment part 2. ROOT        Intra module refs:   main
           ENTRY                   ADDRESS         REF BY
           =====                   =======         ======
           LCDM2                   0A21 
    -------------------------------------------------------------------------
DATA16_AN
  Relative segment, address: 0A22 - 0A22 (0x1 bytes), align: 0
  Segment part 3. ROOT        Intra module refs:   main
           ENTRY                   ADDRESS         REF BY
           =====                   =======         ======
           LCDM3                   0A22 
    -------------------------------------------------------------------------
DATA16_AN
  Relative segment, address: 0A23 - 0A23 (0x1 bytes), align: 0
  Segment part 4. ROOT        Intra module refs:   main
           ENTRY                   ADDRESS         REF BY
           =====                   =======         ======
           LCDM4                   0A23 
    -------------------------------------------------------------------------
DATA16_AN
  Relative segment, address: 0A24 - 0A24 (0x1 bytes), align: 0
  Segment part 5. ROOT        Intra module refs:   main
           ENTRY                   ADDRESS         REF BY
           =====                   =======         ======
           LCDM5                   0A24 
    -------------------------------------------------------------------------
DATA16_AN
  Relative segment, address: 0A25 - 0A25 (0x1 bytes), align: 0
  Segment part 6. ROOT        Intra module refs:   main
           ENTRY                   ADDRESS         REF BY
           =====                   =======         ======
           LCDM6                   0A25 
    -------------------------------------------------------------------------
DATA16_AN
  Relative segment, address: 0A26 - 0A26 (0x1 bytes), align: 0
  Segment part 7. ROOT        Intra module refs:   main
           ENTRY                   ADDRESS         REF BY
           =====                   =======         ======
           LCDM7                   0A26 
    -------------------------------------------------------------------------
DATA16_AN
  Relative segment, address: 0A27 - 0A27 (0x1 bytes), align: 0
  Segment part 8. ROOT        Intra module refs:   main
           ENTRY                   ADDRESS         REF BY
           =====                   =======         ======
           LCDM8                   0A27 
    -------------------------------------------------------------------------
DATA16_AN
  Relative segment, address: 0A28 - 0A28 (0x1 bytes), align: 0
  Segment part 9. ROOT        Intra module refs:   main
           ENTRY                   ADDRESS         REF BY
           =====                   =======         ======
           LCDM9                   0A28 
    -------------------------------------------------------------------------
DATA16_AN
  Relative segment, address: 0A29 - 0A29 (0x1 bytes), align: 0
  Segment part 10. ROOT       Intra module refs:   main
           ENTRY                   ADDRESS         REF BY
           =====                   =======         ======
           LCDM10                  0A29 
    -------------------------------------------------------------------------
DATA16_AN
  Relative segment, address: 0A2A - 0A2A (0x1 bytes), align: 0
  Segment part 11. ROOT       Intra module refs:   main
           ENTRY                   ADDRESS         REF BY
           =====                   =======         ======
           LCDM11                  0A2A 
    -------------------------------------------------------------------------
DATA16_AN
  Relative segment, address: 0A2B - 0A2B (0x1 bytes), align: 0
  Segment part 12. ROOT       Intra module refs:   main
           ENTRY                   ADDRESS         REF BY
           =====                   =======         ======
           LCDM12                  0A2B 
    -------------------------------------------------------------------------
DATA16_AN
  Relative segment, address: 0A2C - 0A2C (0x1 bytes), align: 0
  Segment part 13. ROOT       Intra module refs:   main
           ENTRY                   ADDRESS         REF BY
           =====                   =======         ======
           LCDM13                  0A2C 
    -------------------------------------------------------------------------
DATA16_AN
  Relative segment, address: 0A2D - 0A2D (0x1 bytes), align: 0
  Segment part 14. ROOT       Intra module refs:   main
           ENTRY                   ADDRESS         REF BY
           =====                   =======         ======
           LCDM14                  0A2D 
    -------------------------------------------------------------------------
DATA16_AN
  Relative segment, address: 0A2E - 0A2E (0x1 bytes), align: 0
  Segment part 15. ROOT       Intra module refs:   main
           ENTRY                   ADDRESS         REF BY
           =====                   =======         ======
           LCDM15                  0A2E 
    -------------------------------------------------------------------------
DATA16_AN
  Relative segment, address: 0A2F - 0A2F (0x1 bytes), align: 0
  Segment part 16. ROOT       Intra module refs:   main
           ENTRY                   ADDRESS         REF BY
           =====                   =======         ======
           LCDM16                  0A2F 
    -------------------------------------------------------------------------
DATA16_AN
  Relative segment, address: 0A30 - 0A30 (0x1 bytes), align: 0
  Segment part 17. ROOT       Intra module refs:   main
           ENTRY                   ADDRESS         REF BY
           =====                   =======         ======
           LCDM17                  0A30 
    -------------------------------------------------------------------------
DATA16_AN
  Relative segment, address: 0A31 - 0A31 (0x1 bytes), align: 0
  Segment part 18. ROOT       Intra module refs:   main
           ENTRY                   ADDRESS         REF BY
           =====                   =======         ======
           LCDM18                  0A31 
    -------------------------------------------------------------------------
DATA16_AN
  Relative segment, address: 0A32 - 0A32 (0x1 bytes), align: 0
  Segment part 19. ROOT       Intra module refs:   main
           ENTRY                   ADDRESS         REF BY
           =====                   =======         ======
           LCDM19                  0A32 
    -------------------------------------------------------------------------
DATA16_AN
  Relative segment, address: 0A33 - 0A33 (0x1 bytes), align: 0
  Segment part 20. ROOT       Intra module refs:   main
           ENTRY                   ADDRESS         REF BY
           =====                   =======         ======
           LCDM20                  0A33 
    -------------------------------------------------------------------------
DATA16_AN
  Relative segment, address: 060E - 060F (0x2 bytes), align: 0
  Segment part 21. ROOT       Intra module refs:   main
           ENTRY                   ADDRESS         REF BY
           =====                   =======         ======
           _A_UCA2TXBUF_L          060E 
           LOCAL                   ADDRESS         
           =====                   =======         
           UCA2TXBUF               060E 
           UCA2TXBUF_H             060F 
           UCA2TXBUF_L             060E 
    -------------------------------------------------------------------------
DATA16_AN
  Relative segment, address: 061C - 061D (0x2 bytes), align: 0
  Segment part 22. ROOT       Intra module refs:   main
           ENTRY                   ADDRESS         REF BY
           =====                   =======         ======
           _A_UCA2IFG_L            061C 
           LOCAL                   ADDRESS         
           =====                   =======         
           UCA2IFG                 061C 
           UCA2IFG_H               061D 
           UCA2IFG_L               061C 
    -------------------------------------------------------------------------
DATA16_Z
  Relative segment, address: 1EBA - 1EBA (0x1 bytes), align: 0
  Segment part 25.
           ENTRY                   ADDRESS         REF BY
           =====                   =======         ======
           total_active_energy_pulse_remaining_time
                                   1EBA            adc_interrupt (emeter-background)
    -------------------------------------------------------------------------
DATA16_Z
  Relative segment, address: 1D84 - 1D87 (0x4 bytes), align: 1
  Segment part 26.            Intra module refs:   current_active_power
                                                   main
           ENTRY                   ADDRESS         REF BY
           =====                   =======         ======
           total_active_power      1D84            adc_interrupt (emeter-background)
    -------------------------------------------------------------------------
DATA16_Z
  Relative segment, address: 1D88 - 1D8B (0x4 bytes), align: 1
  Segment part 27.            Intra module refs:   main
           ENTRY                   ADDRESS         REF BY
           =====                   =======         ======
           total_active_power_array
                                   1D88 
    -------------------------------------------------------------------------
DATA16_Z
  Relative segment, address: 1D8C - 1D8F (0x4 bytes), align: 1
  Segment part 28.
           ENTRY                   ADDRESS         REF BY
           =====                   =======         ======
           total_active_power_counter
                                   1D8C            adc_interrupt (emeter-background)
    -------------------------------------------------------------------------
DATA16_Z
  Relative segment, address: 1D90 - 1D93 (0x4 bytes), align: 1
  Segment part 29.            Intra module refs:   current_consumed_active_energy
           ENTRY                   ADDRESS         REF BY
           =====                   =======         ======
           total_consumed_active_energy
                                   1D90            adc_interrupt (emeter-background)
    -------------------------------------------------------------------------
DATA16_Z
  Relative segment, address: 1EBB - 1EBB (0x1 bytes), align: 0
  Segment part 30.
           ENTRY                   ADDRESS         REF BY
           =====                   =======         ======
           total_reactive_energy_pulse_remaining_time
                                   1EBB            adc_interrupt (emeter-background)
    -------------------------------------------------------------------------
DATA16_Z
  Relative segment, address: 1D94 - 1D97 (0x4 bytes), align: 1
  Segment part 31.            Intra module refs:   current_reactive_power
                                                   main
           ENTRY                   ADDRESS         REF BY
           =====                   =======         ======
           total_reactive_power    1D94            adc_interrupt (emeter-background)
    -------------------------------------------------------------------------
DATA16_Z
  Relative segment, address: 1D98 - 1D9B (0x4 bytes), align: 1
  Segment part 32.
           ENTRY                   ADDRESS         REF BY
           =====                   =======         ======
           total_reactive_power_counter
                                   1D98            adc_interrupt (emeter-background)
    -------------------------------------------------------------------------
DATA16_Z
  Relative segment, address: 1D9C - 1D9F (0x4 bytes), align: 1
  Segment part 33.            Intra module refs:   current_consumed_reactive_energy
           ENTRY                   ADDRESS         REF BY
           =====                   =======         ======
           total_consumed_reactive_energy
                                   1D9C            adc_interrupt (emeter-background)
    -------------------------------------------------------------------------
DATA16_Z
  Relative segment, address: 1DA0 - 1DA1 (0x2 bytes), align: 1
  Segment part 34.
           ENTRY                   ADDRESS         REF BY
           =====                   =======         ======
           temperature             1DA0            adc10_interrupt (emeter-background)
                                                   correct_rtc (emeter-rtc)
                                                   display_item (emeter-basic-display)
                                                   dlt645_process_rx_message (emeter-dlt645)
                                                   system_setup (emeter-setup)
    -------------------------------------------------------------------------
DATA16_Z
  Relative segment, address: 1DA2 - 1DA3 (0x2 bytes), align: 1
  Segment part 35.
           ENTRY                   ADDRESS         REF BY
           =====                   =======         ======
           vcc                     1DA2            adc10_interrupt (emeter-background)
                                                   dlt645_process_rx_message (emeter-dlt645)
    -------------------------------------------------------------------------
DATA16_Z
  Relative segment, address: 1DA4 - 1DAB (0x8 bytes), align: 1
  Segment part 36.            Intra module refs:   main
           ENTRY                   ADDRESS         REF BY
           =====                   =======         ======
           temp                    1DA4 
    -------------------------------------------------------------------------
DATA16_Z
  Relative segment, address: 1DAC - 1DAD (0x2 bytes), align: 1
  Segment part 38.            Intra module refs:   main
           LOCAL                   ADDRESS         
           =====                   =======         
           thou                    1DAC 
    -------------------------------------------------------------------------
DATA16_Z
  Relative segment, address: 1DAE - 1DAF (0x2 bytes), align: 1
  Segment part 39.            Intra module refs:   main
           LOCAL                   ADDRESS         
           =====                   =======         
           hun                     1DAE 
    -------------------------------------------------------------------------
DATA16_Z
  Relative segment, address: 1DB0 - 1DB1 (0x2 bytes), align: 1
  Segment part 40.            Intra module refs:   main
           LOCAL                   ADDRESS         
           =====                   =======         
           ten                     1DB0 
    -------------------------------------------------------------------------
DATA16_Z
  Relative segment, address: 1DB2 - 1DB3 (0x2 bytes), align: 1
  Segment part 41.            Intra module refs:   main
           LOCAL                   ADDRESS         
           =====                   =======         
           unit                    1DB2 
    -------------------------------------------------------------------------
DATA16_Z
  Relative segment, address: 1DB4 - 1DB5 (0x2 bytes), align: 1
  Segment part 42.            Intra module refs:   main
           LOCAL                   ADDRESS         
           =====                   =======         
           ten_thou                1DB4 
    -------------------------------------------------------------------------
DATA16_Z
  Relative segment, address: 1DB6 - 1DB7 (0x2 bytes), align: 1
  Segment part 43.            Intra module refs:   main
           LOCAL                   ADDRESS         
           =====                   =======         
           thou_thou               1DB6 
    -------------------------------------------------------------------------
DATA16_Z
  Relative segment, address: 1DB8 - 1DB9 (0x2 bytes), align: 1
  Segment part 44.            Intra module refs:   main
           LOCAL                   ADDRESS         
           =====                   =======         
           hun_thou                1DB8 
    -------------------------------------------------------------------------
DATA16_I
  Relative segment, address: 1C00 - 1C01 (0x2 bytes), align: 1
  Segment part 45.            Intra module refs:   main
           ENTRY                   ADDRESS         REF BY
           =====                   =======         ======
           lcd_display_mode        1C00 
    -------------------------------------------------------------------------
DATA16_Z
  Relative segment, address: 1DBA - 1DBB (0x2 bytes), align: 1
  Segment part 47.            Intra module refs:   main
           ENTRY                   ADDRESS         REF BY
           =====                   =======         ======
           change_display          1DBA 
    -------------------------------------------------------------------------
DATA16_Z
  Relative segment, address: 1DBC - 1DBD (0x2 bytes), align: 1
  Segment part 48.            Intra module refs:   main
           ENTRY                   ADDRESS         REF BY
           =====                   =======         ======
           LCDM3constant           1DBC 
    -------------------------------------------------------------------------
DATA16_C
  Relative segment, address: 4241 - 424A (0xa bytes), align: 0
  Segment part 50.            Intra module refs:   main
           ENTRY                   ADDRESS         REF BY
           =====                   =======         ======
           LCD_Char_Map            4241 
    -------------------------------------------------------------------------
DATA16_Z
  Relative segment, address: 1DBE - 1DBF (0x2 bytes), align: 1
  Segment part 51.            Intra module refs:   main
           ENTRY                   ADDRESS         REF BY
           =====                   =======         ======
           meter_status            1DBE            ?Subroutine0 (emeter-setup)
                                                   correct_rtc (emeter-rtc)
                                                   dlt645_process_rx_message (emeter-dlt645)
                                                   one_second_ticker (emeter-rtc)
                                                   system_setup (emeter-setup)
    -------------------------------------------------------------------------
DATA16_Z
  Relative segment, address: 1EBC - 1EBC (0x1 bytes), align: 0
  Segment part 52.            Intra module refs:   main
           ENTRY                   ADDRESS         REF BY
           =====                   =======         ======
           operating_mode          1EBC            ?Subroutine0 (emeter-setup)
                                                   adc10_interrupt (emeter-background)
                                                   adc_interrupt (emeter-background)
                                                   one_second_ticker (emeter-rtc)
                                                   set_sd16_phase_correction (emeter-foreground)
    -------------------------------------------------------------------------
DATA16_Z
  Relative segment, address: 1EBD - 1EBD (0x1 bytes), align: 0
  Segment part 53.
           ENTRY                   ADDRESS         REF BY
           =====                   =======         ======
           current_reversed        1EBD            active_power (emeter-foreground)
    -------------------------------------------------------------------------
DATA16_I
  Relative segment, address: 1C02 - 1C12 (0x11 bytes), align: 0
  Segment part 55.            Intra module refs:   main
           ENTRY                   ADDRESS         REF BY
           =====                   =======         ======
           RF_Tx                   1C02 
    -------------------------------------------------------------------------
DATA16_Z
  Relative segment, address: 1DC0 - 1EB1 (0xf2 bytes), align: 1
  Segment part 57.            Intra module refs:   current_active_power
                                                   current_apparent_power
                                                   current_consumed_active_energy
                                                   current_mains_frequency
                                                   current_power_factor
                                                   current_reactive_power
                                                   current_rms_current
                                                   current_rms_voltage
                                                   main
           ENTRY                   ADDRESS         REF BY
           =====                   =======         ======
           chan1                   1DC0            active_power (emeter-foreground)
                                                   adc_interrupt (emeter-background)
                                                   align_hardware_with_calibration_data (emeter-setup)
                                                   apparent_power (emeter-foreground)
                                                   current (emeter-foreground)
                                                   dlt645_process_rx_message (emeter-dlt645)
                                                   frequency (emeter-foreground)
                                                   init_analog_front_end_normal (emeter-setup)
                                                   log_parameters (emeter-background)
                                                   power_factor (emeter-foreground)
                                                   reactive_power (emeter-foreground)
                                                   system_setup (emeter-setup)
                                                   voltage (emeter-foreground)
    -------------------------------------------------------------------------
INFO
  Relative segment, address: 1800 - 187F (0x80 bytes), align: 1
  Segment part 58.
           ENTRY                   ADDRESS         REF BY
           =====                   =======         ======
           nv_parms                1800            active_power (emeter-foreground)
                                                   align_hardware_with_calibration_data (emeter-setup)
                                                   correct_rtc (emeter-rtc)
                                                   current (emeter-foreground)
                                                   display_item (emeter-basic-display)
                                                   reactive_power (emeter-foreground)
                                                   system_setup (emeter-setup)
                                                   voltage (emeter-foreground)
    -------------------------------------------------------------------------
<CODE> 1 (was CODE)
  Relative segment, address: 5384 - 5A37 (0x6b4 bytes), align: 1
  Segment part 69.
           ENTRY                   ADDRESS         REF BY
           =====                   =======         ======
           main                    5384            Segment part 23 (?cstart)
               calls direct
               CSTACK = 00000000 ( 00000018 )
    -------------------------------------------------------------------------
DATA16_Z
  Relative segment, address: 1EB2 - 1EB5 (0x4 bytes), align: 1
  Segment part 59.            Intra module refs:   main
           LOCAL                   ADDRESS         
           =====                   =======         
           main::x                 1EB2 
    -------------------------------------------------------------------------
<CODE> 1 (was CODE)
  Relative segment, address: 7C66 - 7C7D (0x18 bytes), align: 1
  Segment part 68.
           ENTRY                   ADDRESS         REF BY
           =====                   =======         ======
           current_consumed_active_energy
                                   7C66            display_item (emeter-basic-display)
               CSTACK = 00000000 ( 00000004 )
    -------------------------------------------------------------------------
<CODE> 1 (was CODE)
  Relative segment, address: 7C4E - 7C65 (0x18 bytes), align: 1
  Segment part 67.
           ENTRY                   ADDRESS         REF BY
           =====                   =======         ======
           current_active_power    7C4E            display_item (emeter-basic-display)
               CSTACK = 00000000 ( 00000004 )
    -------------------------------------------------------------------------
<CODE> 1 (was CODE)
  Relative segment, address: 7CD8 - 7CEB (0x14 bytes), align: 1
  Segment part 66.
           ENTRY                   ADDRESS         REF BY
           =====                   =======         ======
           current_consumed_reactive_energy
                                   7CD8            display_item (emeter-basic-display)
               CSTACK = 00000000 ( 00000004 )
    -------------------------------------------------------------------------
<CODE> 1 (was CODE)
  Relative segment, address: 7C7E - 7C95 (0x18 bytes), align: 1
  Segment part 65.
           ENTRY                   ADDRESS         REF BY
           =====                   =======         ======
           current_reactive_power
                                   7C7E            display_item (emeter-basic-display)
               CSTACK = 00000000 ( 00000004 )
    -------------------------------------------------------------------------
<CODE> 1 (was CODE)
  Relative segment, address: 7D88 - 7D91 (0xa bytes), align: 1
  Segment part 64.
           ENTRY                   ADDRESS         REF BY
           =====                   =======         ======
           current_apparent_power
                                   7D88            display_item (emeter-basic-display)
               CSTACK = 00000000 ( 00000004 )
    -------------------------------------------------------------------------
<CODE> 1 (was CODE)
  Relative segment, address: 7D7A - 7D87 (0xe bytes), align: 1
  Segment part 63.
           ENTRY                   ADDRESS         REF BY
           =====                   =======         ======
           current_power_factor    7D7A            display_item (emeter-basic-display)
               CSTACK = 00000000 ( 00000004 )
    -------------------------------------------------------------------------
<CODE> 1 (was CODE)
  Relative segment, address: 7BE4 - 7BFF (0x1c bytes), align: 1
  Segment part 62.
           ENTRY                   ADDRESS         REF BY
           =====                   =======         ======
           current_rms_voltage     7BE4            display_item (emeter-basic-display)
               CSTACK = 00000000 ( 00000004 )
    -------------------------------------------------------------------------
<CODE> 1 (was CODE)
  Relative segment, address: 7CAE - 7CC3 (0x16 bytes), align: 1
  Segment part 61.
           ENTRY                   ADDRESS         REF BY
           =====                   =======         ======
           current_rms_current     7CAE            display_item (emeter-basic-display)
               CSTACK = 00000000 ( 00000004 )
    -------------------------------------------------------------------------
<CODE> 1 (was CODE)
  Relative segment, address: 7D92 - 7D99 (0x8 bytes), align: 1
  Segment part 60.
           ENTRY                   ADDRESS         REF BY
           =====                   =======         ======
           current_mains_frequency
                                   7D92            display_item (emeter-basic-display)
               CSTACK = 00000000 ( 00000004 )
    -------------------------------------------------------------------------
DATA16_ID
  Relative segment, address: 4258 - 4259 (0x2 bytes), align: 1
  Segment part 46.            Intra module refs:   lcd_display_mode
    -------------------------------------------------------------------------
DATA16_ID
  Relative segment, address: 425A - 426A (0x11 bytes), align: 0
  Segment part 56.            Intra module refs:   RF_Tx

    *************************************************************************

  FILE NAME : D:\Documents\GitHub\SmartMeter\Source\emeter-ng\Debug\Obj\emeter-multirate.r43
    *************************************************************************

  FILE NAME : D:\Documents\GitHub\SmartMeter\Source\emeter-ng\Debug\Obj\emeter-phase-corrections.r43
    *************************************************************************

  FILE NAME : D:\Documents\GitHub\SmartMeter\Source\emeter-ng\Debug\Obj\emeter-rtc.r43
  PROGRAM MODULE, NAME : emeter-rtc

  SEGMENTS IN THE MODULE
  ======================
DATA16_AN
  Relative segment, address: 0740 - 0741 (0x2 bytes), align: 0
  Segment part 1. ROOT        Intra module refs:   one_second_ticker
           ENTRY                   ADDRESS         REF BY
           =====                   =======         ======
           _A_ADC10CTL0_L          0740 
[...]
                                                   seconds (emeter-rtc)
                                                   temp (emeter-main)
                                                   temperature (emeter-main)
                                                   ten (emeter-main)
                                                   ten_thou (emeter-main)
                                                   thou (emeter-main)
                                                   thou_thou (emeter-main)
                                                   total_active_energy_pulse_remaining_time (emeter-main)
                                                   total_active_power (emeter-main)
                                                   total_active_power_array (emeter-main)
                                                   total_active_power_counter (emeter-main)
                                                   total_consumed_active_energy (emeter-main)
                                                   total_consumed_reactive_energy (emeter-main)
                                                   total_reactive_energy_pulse_remaining_time (emeter-main)
                                                   total_reactive_power (emeter-main)
                                                   total_reactive_power_counter (emeter-main)
                                                   tx_msg (emeter-communication)
                                                   unit (emeter-main)
                                                   vcc (emeter-main)
    -------------------------------------------------------------------------
CSTART
  Relative segment, address: 427C - 428B (0x10 bytes), align: 1
  Segment part 17.
           ENTRY                   ADDRESS         REF BY
           =====                   =======         ======
           ?cstart_init_copy       427C            RF_Tx (emeter-main)
                                                   lcd_display_mode (emeter-main)
    -------------------------------------------------------------------------
CSTART
  Relative segment, address: 428C - 4293 (0x8 bytes), align: 1
  Segment part 23.            Intra module refs:   Segment part 12
           ENTRY                   ADDRESS         REF BY
           =====                   =======         ======
           ?cstart_call_main       428C 
           ?cstart_end             4294 

    -------------------------------------------------------------------------
  LIBRARY MODULE, NAME : ?reset_vector

  SEGMENTS IN THE MODULE
  ======================
RESET
  Relative segment, address: FFFE - FFFF (0x2 bytes), align: 1
  Segment part 0.
           ENTRY                   ADDRESS         REF BY
           =====                   =======         ======
           ?reset_vector           FFFE            Segment part 12 (?cstart)

    -------------------------------------------------------------------------
  LIBRARY MODULE, NAME : ?div64i

  SEGMENTS IN THE MODULE
  ======================
<CODE> 1 (was CODE)
  Relative segment, address: 7018 - 70B9 (0xa2 bytes), align: 1
  Segment part 9.             Intra module refs:   _Div64s
           ENTRY                   ADDRESS         REF BY
           =====                   =======         ======
           _Div64u                 7018 
               CSTACK = 00000000 ( 0000001E )
    -------------------------------------------------------------------------
<CODE> 1 (was CODE)
  Relative segment, address: 7CEC - 7CFD (0x12 bytes), align: 1
  Segment part 10.            Intra module refs:   _Div64u
    -------------------------------------------------------------------------
<CODE> 1 (was CODE)
  Relative segment, address: 7D46 - 7D57 (0x12 bytes), align: 1
  Segment part 13.            Intra module refs:   _Div64u
    -------------------------------------------------------------------------
<CODE> 1 (was CODE)
  Relative segment, address: 7AEC - 7AF7 (0xc bytes), align: 1
  Segment part 3.             Intra module refs:   _Div64s
    -------------------------------------------------------------------------
<CODE> 1 (was CODE)
  Relative segment, address: 7AF8 - 7B0D (0x16 bytes), align: 1
  Segment part 4.
           ENTRY                   ADDRESS         REF BY
           =====                   =======         ======
           _Div64s                 7AF8            active_power (emeter-foreground)
                                                   current (emeter-foreground)
                                                   main (emeter-main)
                                                   reactive_power (emeter-foreground)
               calls direct
               CSTACK = 00000000 ( 00000006 )
    -------------------------------------------------------------------------
<CODE> 1 (was CODE)
  Relative segment, address: 7D58 - 7D69 (0x12 bytes), align: 1
  Segment part 5.             Intra module refs:   _Div64s
    -------------------------------------------------------------------------
<CODE> 1 (was CODE)
  Relative segment, address: 7D6A - 7D79 (0x10 bytes), align: 1
  Segment part 6.             Intra module refs:   _Div64s
    -------------------------------------------------------------------------
<CODE> 1 (was CODE)
  Relative segment, address: 7CFE - 7D0F (0x12 bytes), align: 1
  Segment part 7.             Intra module refs:   Segment part 3
                                                   Segment part 6
    -------------------------------------------------------------------------
<CODE> 1 (was CODE)
  Relative segment, address: 7D10 - 7D17 (0x8 bytes), align: 1
  Segment part 11.            Intra module refs:   _Div64u
    -------------------------------------------------------------------------
<CODE> 1 (was CODE)
  Relative segment, address: 7D18 - 7D21 (0xa bytes), align: 1
  Segment part 12.            Intra module refs:   Segment part 11

    -------------------------------------------------------------------------
  LIBRARY MODULE, NAME : ?exit

  SEGMENTS IN THE MODULE
  ======================
<CODE> 1 (was CODE)
  Relative segment, address: 7D9A - 7D9D (0x4 bytes), align: 1
  Segment part 2.
           ENTRY                   ADDRESS         REF BY
           =====                   =======         ======
           exit                    7D9A            Segment part 23 (?cstart)
               calls direct
               CSTACK = 00000000 ( 00000004 )

    -------------------------------------------------------------------------
  LIBRARY MODULE, NAME : ?Mul32Hw32Loc2

  SEGMENTS IN THE MODULE
  ======================
<CODE> 1 (was CODE)
  Relative segment, address: 7ACA - 7AEB (0x22 bytes), align: 1
  Segment part 0.
           ENTRY                   ADDRESS         REF BY
           =====                   =======         ======
           ?Mul32Hw32Loc2          7ACA            power_factor (emeter-foreground)

    -------------------------------------------------------------------------
  LIBRARY MODULE, NAME : ?Mul64Hw32Loc2

  SEGMENTS IN THE MODULE
  ======================
<CODE> 1 (was CODE)
  Relative segment, address: 7574 - 75CD (0x5a bytes), align: 1
  Segment part 0.
           ENTRY                   ADDRESS         REF BY
           =====                   =======         ======
           ?Mul64Hw32Loc2          7574            main (emeter-main)

    -------------------------------------------------------------------------
  LIBRARY MODULE, NAME : ?DivMod816u

  SEGMENTS IN THE MODULE
  ======================
<CODE> 1 (was CODE)
  Relative segment, address: 7BC8 - 7BE3 (0x1c bytes), align: 1
  Segment part 0.
           ENTRY                   ADDRESS         REF BY
           =====                   =======         ======
           ?DivMod8u               7BC8 
           ?DivMod16u              7BCC            Segment part 0 (?DivMod816s)

    -------------------------------------------------------------------------
  LIBRARY MODULE, NAME : ?DivMod816s

  SEGMENTS IN THE MODULE
  ======================
<CODE> 1 (was CODE)
  Relative segment, address: 792E - 7961 (0x34 bytes), align: 1
  Segment part 0.
           ENTRY                   ADDRESS         REF BY
           =====                   =======         ======
           ?DivMod8s               792E 
           ?DivMod16s              7932            div_sh48 (div_sh48)
                                                   main (emeter-main)

    -------------------------------------------------------------------------
  LIBRARY MODULE, NAME : ?DivMod32u

  SEGMENTS IN THE MODULE
  ======================
<CODE> 1 (was CODE)
  Relative segment, address: 7888 - 78BF (0x38 bytes), align: 1
  Segment part 0.
           ENTRY                   ADDRESS         REF BY
           =====                   =======         ======
           ?DivMod32u              7888            ?DivMod32s (?DivMod32s)
                                                   main (emeter-main)

    -------------------------------------------------------------------------
  LIBRARY MODULE, NAME : ?DivMod32s

  SEGMENTS IN THE MODULE
  ======================
<CODE> 1 (was CODE)
  Relative segment, address: 7794 - 77D3 (0x40 bytes), align: 1
  Segment part 0.
           ENTRY                   ADDRESS         REF BY
           =====                   =======         ======
           ?DivMod32s              7794            display_item (emeter-basic-display)
                                                   div_sh48 (div_sh48)
                                                   frequency (emeter-foreground)
                                                   power_factor (emeter-foreground)

    -------------------------------------------------------------------------
  LIBRARY MODULE, NAME : ?ShiftRight32s

  SEGMENTS IN THE MODULE
  ======================
<CODE> 1 (was CODE)
  Relative segment, address: 7512 - 7555 (0x44 bytes), align: 1
  Segment part 0.
           ENTRY                   ADDRESS         REF BY
           =====                   =======         ======
           ?ShiftRight32s          7512            apparent_power (emeter-foreground)
    -------------------------------------------------------------------------
<CODE> 1 (was CODE)
  Relative segment, address: 7556 - 7559 (0x4 bytes), align: 1
  Segment part 1.             Intra module refs:   ?ShiftRight32s
           ENTRY                   ADDRESS         REF BY
           =====                   =======         ======
           ?ShiftRight32s_7        7556 
    -------------------------------------------------------------------------
<CODE> 1 (was CODE)
  Relative segment, address: 755A - 755D (0x4 bytes), align: 1
  Segment part 2.             Intra module refs:   ?ShiftRight32s_7
           ENTRY                   ADDRESS         REF BY
           =====                   =======         ======
           ?ShiftRight32s_6        755A            voltage (emeter-foreground)
    -------------------------------------------------------------------------
<CODE> 1 (was CODE)
  Relative segment, address: 755E - 7561 (0x4 bytes), align: 1
  Segment part 3.             Intra module refs:   ?ShiftRight32s_6
           ENTRY                   ADDRESS         REF BY
           =====                   =======         ======
           ?ShiftRight32s_5        755E 
    -------------------------------------------------------------------------
<CODE> 1 (was CODE)
  Relative segment, address: 7562 - 7565 (0x4 bytes), align: 1
  Segment part 4.             Intra module refs:   ?ShiftRight32s_5
           ENTRY                   ADDRESS         REF BY
           =====                   =======         ======
           ?ShiftRight32s_4        7562 
    -------------------------------------------------------------------------
<CODE> 1 (was CODE)
  Relative segment, address: 7566 - 7569 (0x4 bytes), align: 1
  Segment part 5.             Intra module refs:   ?ShiftRight32s_4
           ENTRY                   ADDRESS         REF BY
           =====                   =======         ======
           ?ShiftRight32s_3        7566 
    -------------------------------------------------------------------------
<CODE> 1 (was CODE)
  Relative segment, address: 756A - 7573 (0xa bytes), align: 1
  Segment part 6.             Intra module refs:   ?ShiftRight32s_3
           ENTRY                   ADDRESS         REF BY
           =====                   =======         ======
           ?ShiftRight32s_2        756A 

    -------------------------------------------------------------------------
  LIBRARY MODULE, NAME : ?memcpy

  SEGMENTS IN THE MODULE
  ======================
<CODE> 1 (was CODE)
  Relative segment, address: 7D22 - 7D33 (0x12 bytes), align: 1
  Segment part 2.
           ENTRY                   ADDRESS         REF BY
           =====                   =======         ======
           memcpy                  7D22            __data16_memcpy (?memzero)
               CSTACK = 00000000 ( 00000004 )

    -------------------------------------------------------------------------
  LIBRARY MODULE, NAME : ?memzero

  SEGMENTS IN THE MODULE
  ======================
<CODE> 1 (was CODE)
  Relative segment, address: 7D34 - 7D45 (0x12 bytes), align: 1
  Segment part 4.
           ENTRY                   ADDRESS         REF BY
           =====                   =======         ======
           __data16_memzero        7D34            ?cstart_init_zero (?cstart)
               CSTACK = 00000000 ( 00000004 )
    -------------------------------------------------------------------------
<CODE> 1 (was CODE)
  Relative segment, address: 7DA6 - 7DA9 (0x4 bytes), align: 1
  Segment part 3.
           ENTRY                   ADDRESS         REF BY
           =====                   =======         ======
           __data16_memcpy         7DA6            ?cstart_init_copy (?cstart)
               calls direct
               CSTACK = 00000000 ( 00000004 )

    -------------------------------------------------------------------------
  LIBRARY MODULE, NAME : ?__exit

  SEGMENTS IN THE MODULE
  ======================
<CODE> 1 (was CODE)
  Relative segment, address: 7DAA - 7DAD (0x4 bytes), align: 1
  Segment part 2.
           ENTRY                   ADDRESS         REF BY
           =====                   =======         ======
           __exit                  7DAA            Segment part 6 (?_exit)
                                                   _exit (?_exit)




                ****************************************
                *                                      *
                *      SEGMENTS IN ADDRESS ORDER       *
                *                                      *
                ****************************************


SEGMENT              SPACE    START ADDRESS   END ADDRESS     SIZE  TYPE  ALIGN
=======              =====    =============   ===========     ====  ====  =====
DATA16_AN                              0102 - 0103               2   rel    0
                                       0120 - 0121               2 
                                       0124 - 0127               4 
                                       012C - 012F               4 
                                       0140 - 0141               2 
                                       0144 - 0145               2 
                                       015C - 015D               2 
                                       0160 - 0165               6 
                                       0168 - 0169               2 
                                       016C - 016F               4 
                                       01B0 - 01B1               2 
                                       01C8 - 01C9               2 
                                       0202 - 0207               6 
                                       020A - 020B               2 
                                       0222 - 0227               6 
                                       022A - 022B               2 
                                       0240 - 0247               8 
                                       024A - 024B               2 
                                       0262 - 0267               6 
                                       026A - 026B               2 
                                       0282 - 0287               6 
                                       028A - 028B               2 
                                       0322 - 0325               4 
                                       032A - 032B               2 
                                       04A0 - 04A3               4 
                                       04A8 - 04AB               4 
                                       04B0 - 04B7               8 
                                       04BC - 04BF               4 
                                       04C2 - 04C3               2 
                                       04C8 - 04C9               2 
                                       04D0 - 04D7               8 
                                       04E0 - 04EB               C 
                                       05E0 - 05E1               2 
                                       05E6 - 05E9               4 
                                       05EC - 05EF               4 
                                       05FA - 05FB               2 
                                       05FE - 0601               4 
                                       0606 - 0609               4 
                                       060E - 060F               2 
                                       061C - 061D               2 
                                       0740 - 0743               4 
                                       074A - 074B               2 
                                       0752 - 0753               2 
                                       075A - 075D               4 
                                       0800 - 0803               4 
                                       080A - 080D               4 
                                       0810 - 0817               8 
                                       0820 - 0827               8 
                                       0852 - 0853               2 
                                       0858 - 085B               4 
                                       09E0 - 09E5               6 
                                       09F4 - 09F5               2 
                                       0A00 - 0A01               2 
                                       0A08 - 0A0F               8 
                                       0A20 - 0A33              14 
INFO                                   1800 - 187F              80   rel    1
DATA16_I                               1C00 - 1C12              13   rel    1
DATA16_Z                               1C14 - 1EC5             2B2   rel    1
CSTACK                                 3AD4 - 3BFF             12C   rel    1
DATA16_C                               4000 - 4257             258   rel    1
DATA16_ID                              4258 - 426A              13   rel    1
CSTART                                 426C - 4293              28   rel    1
ISR_CODE                               4294 - 4845             5B2   rel    1
<CODE> 1                               4846 - 7DAD            3568   rel    1
INTVEC                                 FF80 - FFF3              74   com    1
RESET                                  FFFE - FFFF               2   rel    1

                ****************************************
                *                                      *
                *        END OF CROSS REFERENCE        *
                *                                      *
                ****************************************

 15 288 bytes of CODE  memory
  1 009 bytes of DATA  memory (+ 230 absolute )
    747 bytes of CONST memory

Errors: none
Warnings: none

